669064.000000
85492.000000
1252636
1162 1078
5.667074
bk1 350 931 686 1064
bk10a 182 476 301 854
bk10b 140 252 301 392
bk10c 301 371 420 420
bk11 0 406 175 525
bk12 0 0 140 406
bk13 889 0 1029 497
bk14a 546 581 742 700
bk14b 301 252 595 371
bk14c 595 133 756 252
bk15a 616 0 882 119
bk15b 259 133 595 252
bk16 595 252 721 371
bk17a 0 525 182 896
bk17b 686 833 889 1015
bk18 420 749 623 931
bk19 301 420 420 504
bk2 322 0 616 133
bk20 0 896 350 1078
bk21 889 637 1029 952
bk3 756 119 889 434
bk4 1029 0 1162 560
bk5a 889 497 1022 637
bk5b 756 434 889 609
bk5c 623 700 854 833
bk6 1029 560 1162 875
bk7 889 952 1071 1050
bk8a 546 371 756 581
bk8b 420 371 546 749
bk9a 140 0 322 119
bk9b 140 119 259 238
bk9c 301 504 420 861
bk9d 175 392 294 476
