19337262.000000
1063496.000000
37611028
5278 7126
14.017944
M001 2044 5404 5278 7112
M002 1890 2492 3444 3164
M003 406 0 2590 1008
M004 2184 3780 5264 5390
M005 1652 3346 2184 4732
M006 0 4438 882 6300
M007 2156 1624 2506 2492
M008 406 1008 1652 1652
M009 1652 1008 2114 1988
M010 2156 1008 2450 1624
M011 1512 4774 1890 5600
M012 882 4354 1288 5152
M013 1890 4732 2156 5404
M014 1232 1988 2156 2394
M015 0 0 406 840
M016 0 840 322 1638
M017 0 6300 392 7056
M018 2590 1890 3668 2282
M019 0 1638 392 2464
M020 392 1652 644 2450
M021 0 2464 392 3290
M022 1526 2394 1890 3346
M023 392 2450 1526 2940
M024 644 1652 910 2450
M025 910 1652 1232 2436
M026 560 4004 1288 4354
M027 1288 3934 1652 4774
M028 560 2940 1078 4004
M029 1554 5600 2044 6594
M030 3542 0 4844 728
M031 3402 3276 4452 3668
M032 3542 728 3920 1512
M033 2590 0 3542 1890
M034 0 3290 560 4438
M035 4816 2926 5208 3780
M036 1078 2940 1526 3934
M037 2184 3164 3402 3724
M038 4368 2030 4816 2996
M039 4452 2996 4816 3780
M040 3976 2366 4368 3234
M041 3668 1512 4032 2366
M042 4816 2016 5194 2184
M043 3444 2366 3976 3276
M044 882 5152 1512 6454
M045 392 6454 1554 7126
M046 4760 812 5264 2016
M047 4844 0 5278 812
M048 4032 728 4760 2030
M049 4816 2184 5208 2926
